 
****************************************
Report : clock_gating
Design : BoomTile
Version: T-2022.03-SP1
Date   : Fri Jul 29 23:38:26 2022
****************************************

Information: Identification of clock-gating cells has not been performed. Pre-existing clock-gating cells will not be reported. (PWR-947)


                             Clock Gating Summary
          ------------------------------------------------------------
          |    Number of Clock gating elements    |        0         |
          |                                       |                  |
          |    Number of Gated registers          |     0 (0.00%)    |
          |                                       |                  |
          |    Number of Ungated registers        | 109488 (100.0%)  |
          |                                       |                  |
          |    Total number of registers          |   109488         |
          ------------------------------------------------------------



                             Clock Gating Report by Origin
          +-------------------------------------------------+------------------+
          |                                                 |    Actual (%)    |
          |                                                 |    Count         |
          +-------------------------------------------------+------------------+
          |  Number of tool-inserted clock gating elements  |     0 (0.00%)    |
          |                                                 |                  |
          |  Number of pre-existing clock gating elements   |     0 (0.00%)    |
          |                                                 |                  |
          |  Number of gated registers                      |     0 (0.00%)    |
          |                                                 |                  |
          |  Number of tool-inserted gated registers        |     0 (0.00%)    |
          |                                                 |                  |
          |  Number of pre-existing gated registers         |     0 (0.00%)    |
          |                                                 |                  |
          |  Number of ungated registers                    | 109488 (100.0%)  |
          |                                                 |                  |
          |  Number of registers                            |   109488         |
          +-------------------------------------------------+------------------+



1
